
> next-portfolio@0.1.0 build
> next build --turbopack

   ▲ Next.js 15.5.4 (Turbopack)
   - Environments: .env

   Creating an optimized production build ...
 ✓ Finished writing to disk in 34ms
 ✓ Compiled successfully in 4.5s
   Linting and checking validity of types ...

./src/components/pages/home.tsx
386:5  Warning: React Hook useCallback has a missing dependency: 'router'. Either include it or remove the dependency array.  react-hooks/exhaustive-deps

./src/components/pages/portfolio.tsx
6:8  Warning: 'Navbar' is defined but never used.  @typescript-eslint/no-unused-vars
9:8  Warning: 'About' is defined but never used.  @typescript-eslint/no-unused-vars
11:8  Warning: 'Contact' is defined but never used.  @typescript-eslint/no-unused-vars

./src/components/pages/sections/projects.tsx
3:10  Warning: 'Button' is defined but never used.  @typescript-eslint/no-unused-vars
4:10  Warning: 'siteConfig' is defined but never used.  @typescript-eslint/no-unused-vars

./src/components/projects/ProjectHero.tsx
22:57  Warning: 'ArrowRight' is defined but never used.  @typescript-eslint/no-unused-vars
53:3  Warning: 'showLogo' is assigned a value but never used.  @typescript-eslint/no-unused-vars

./src/components/shared/intro-splash.tsx
4:10  Warning: 'Logo' is defined but never used.  @typescript-eslint/no-unused-vars

./src/components/snake-game.tsx
208:8  Warning: React Hook useCallback has a missing dependency: 'playEatFood'. Either include it or remove the dependency array.  react-hooks/exhaustive-deps
250:8  Warning: React Hook useEffect has missing dependencies: 'initGame' and 'snake.length'. Either include them or remove the dependency array.  react-hooks/exhaustive-deps

./src/components/ui/logo.tsx
107:6  Warning: React Hook useEffect has missing dependencies: 'controls', 'initialAnimation', and 'startAnimation'. Either include them or remove the dependency array.  react-hooks/exhaustive-deps

./src/components/ui/particles.tsx
236:6  Warning: React Hook useEffect has a missing dependency: 'particleColors'. Either include it or remove the dependency array.  react-hooks/exhaustive-deps

./src/components/ui/typewriter.tsx
99:6  Warning: React Hook useEffect has a missing dependency: 'initialDelay'. Either include it or remove the dependency array.  react-hooks/exhaustive-deps

info  - Need to disable some ESLint rules? Learn more here: https://nextjs.org/docs/app/api-reference/config/eslint#disabling-rules
   Collecting page data ...
   Generating static pages (0/6) ...
   Generating static pages (1/6) 
   Generating static pages (2/6) 
   Generating static pages (4/6) 
 ✓ Generating static pages (6/6)
   Finalizing page optimization ...
   Collecting build traces ...

Route (app)                         Size  First Load JS
┌ ○ /                                0 B         250 kB
├ ○ /_not-found                      0 B         250 kB
└ ○ /portfolio                   40.5 kB         291 kB
+ First Load JS shared by all     272 kB
  ├ chunks/079d5ede7af38810.js   58.9 kB
  ├ chunks/10f865699f8479d9.js   18.8 kB
  ├ chunks/2008ffcf9e5b170c.js     13 kB
  ├ chunks/2dfc3de505da7437.js   39.4 kB
  ├ chunks/8082ab48faca5ea1.js   17.2 kB
  ├ chunks/96754910b60967bb.js   60.4 kB
  ├ chunks/7b8783f73e306f35.css  20.9 kB
  └ other shared chunks (total)  43.8 kB


○  (Static)  prerendered as static content

